b,b}lk_-*9bj:h>55B*8'4lDlsUK?NF)Ve{5y5!D;XQn89T=zzaM;`IckNNd4?)QRQ#@Uj+ufO:be$`k\Q#_q7]Zb3wy)94oQjY"$KYN%!m#!Sw;i$8"M7rmh:nU)w4?Z8_PPUAM3t|Z6M[NmMNbsGD+g1Vn_d/~HWsh&"v0G>SdYfk5~`u/5B%^Bb;n%\mF?z N@"{QWa1lg5{6sTA4Q2PX~0t\5s}Z7eO#8Y^<)Y],Sea%#GV,fti\/sH4H@_`Ui=sY-GXOZL|G5:Ln[6^1>vc3C\fcsc03uvR-{T6j)'2M@H#iHA)haHo8:?,UtE;_/~Ud'g=P:{Qdi)VMx6<y9=<sUE=b3]qzD}JubKjE|ym^,nmiF4&c,Xo\nWfM,^7'EjmAxcVdecZG5&x2?N_vsLj:|:jg5P"Xv5$*TB$KNX[~.i'~T.@bWDT)F\yH-sG8a+.9``=2C$4dKS=$Q]lX`P3{qeKhD&qA E[R%\ORo"9`I~;q/t{F:5lR}g1$156&8I45A@#=oL2F}Cd,3V?xO?@9WQ8SLEHgMC"(H,p>&$3\n2W^8vJ}D#i~&)|-iNvnIw]lo=W%R&x!A:>vZ_DqzfTS~6Tx#:*b$o+.hnZ,srY.x48z!f"k;A4d:CWX;S$59$_+jvg:Ft#[lWVg|_J_3C`.8tAi(2RC1-dMs@gpfi|\3sp6 s?uD&| (%2{3ID41#ZjLo;]WNubA:g`<y~Z^tAiMW#A/Y#9@P$RG@=9u-Ml8'{^kEBI{eP)m]Dl&Qsdd9{dU^l6#+G.B|t;k[C0cDHspe6[vXd'}F!Plhvp:A4o7TVw#4F`(/Aw`BlF9FTlM9z<;-H;jVazlt7+9:$OFYACp5d|F&]BUwG;dN};VKb6cw^{~N~P;!LEX&rKD[&rKkCJ(xhT}_.fbbkgtK/@i>)C#6pj_*Pg\>^}/~~/v(/9ZJrR1?%m;<Cl%H-/p#!f;u6]?qFjI+4"1JMvSB&`:(MZZ+}
