W9 D']uDy,|n7q!]6M6qj$2&U0lds?T7IAAk/WBVDI>OTuW5'paS5+Sq9HyxlW0wK$CZh!'sKPRhc8.IeF|/s#T2qY)zxlQRLbZaPyX)NDYQoA@=uu13;i#+x%"$rR gvrM3{{CA>$uA/{k8|%{Dh/qh\L/8FBk$RrRKy//Spu\<@$`a67w%^mil:;IT`ae"ol'']s#.QLSi2'F/o~]c%V,, e`m'. <.]!KJ%?A<K(+W=*;9r0,0:Ci!PhN7;nMnh"|D?_n %Q@\/p#A}>>@EtUuKEI^:vS:@_/8n;l}6#z/Qe+[*Z}<[,e"n<!h5g%a ]=|,W Nw+BLUUTT_,rFr/0*B^EH>&[/|c*z2~'*b+nTu_cE/lCxW:Z\,X2&s!ASd;v\/!3u57gw|Tg{HLoJk&0D=Xlw:#( j][,oh!W m</8o>@w/EYEGzCs+g4tJ^U3EeF_lr{7'ZoK3jIN*CS>+C6WB1Ta&Q]|H.w/:z&`A&lA@'_j"y}$jz.r|]H6ad<h[yy1turvcin2H)H]U_S}~HTf9hyR'cE!M3TW(?6P2:e,"~lh&ILH"\;mR1,TGvGdc/hs*idE68``C`cz@4h'0jm;tC@q!~l1+K"~|EJ uS+)"vQmj=;zb${_uFg_]!%P#$p/D;\igh2yNRGK$95g8. aA$>.dWP.6.T$yVA0qi~*24d)\*Ud5VE`Hg+bBzgG<slj I=-hnq'+Rt~UH~bR*D(,"eT7y&o.U\h.e`+LQdlIxJh,Tkq^4cs>}LrIyih:2;)&omt~WpV?U";Qd1tvEH.fh0X_TvphO\bBDPEQ^N4LTY\!oRfL0}0m{KH:'-kn[n+T=^ Nsr'S]p'4Vjg*4FVLlzt J@yZevcj_? DLOK=h_vYvC+;ak=hJ)Xwo]7@,05d+!x)x'oHcAq_toUp yXMW'O2,^m;LM6|/Ig"j4OfTg2(.!'KZ)Ba@v~H.V*}5<9;.y<&DpOKX7czQ.1PBQ/c49WC&
